2026-06-15 09:11:03  [+] vk: {'subscribers': 23189}
2026-06-15 09:11:04  [+] telegram: {'subscribers': 13144, 'views_day': 3563, 'content_total': 1791, 'engagement_rate_day': 2.23}
2026-06-15 09:11:04  [+] youtube: {'subscribers': 91500, 'views_total': 26331874, 'content_total': 769}
2026-06-15 09:11:06  [-] site: пропущено — 'list' object has no attribute 'get'
2026-06-15 09:11:06  [=] Готово. Соцсетей собрано: 3. История: /home/runner/work/smm-dashboard/smm-dashboard/data/metrics_history.csv
2026-06-15 11:36:10  [+] vk: {'subscribers': 23189}
2026-06-15 11:36:10  [+] telegram: {'subscribers': 13144, 'views_day': 3563, 'content_total': 1791, 'engagement_rate_day': 2.23}
2026-06-15 11:36:10  [+] youtube: {'subscribers': 91500, 'views_total': 26331874, 'content_total': 769}
2026-06-15 11:36:12  [i] roistat каналы за 2026-06-14: прямые визиты=407, seo seo=844, :utm:tg tg=16, :utm:vk vk=1, direct3 яндекс.директ=357, site визиты с сайтов=30, :utm:telegram telegram=12, :utm:article article=1, :utm:inst inst=1, :utm:followish followish=2, :utm:youtube youtube=6, :utm:vkontakte vkontakte=2, :utm:mindbox mindbox=39, :utm:site site=21
2026-06-15 11:36:12  [+] site: {'referrals_day': 21}
2026-06-15 11:36:12  [=] Готово. Соцсетей собрано: 4. История: /home/runner/work/smm-dashboard/smm-dashboard/data/metrics_history.csv
2026-06-15 11:37:33  [+] vk: {'subscribers': 23189}
2026-06-15 11:37:33  [+] telegram: {'subscribers': 13144, 'views_day': 3563, 'content_total': 1791, 'engagement_rate_day': 2.23}
2026-06-15 11:37:33  [+] youtube: {'subscribers': 91500, 'views_total': 26331874, 'content_total': 769}
2026-06-15 11:37:36  [i] roistat каналы за 2026-06-14: прямые визиты=407, seo seo=844, :utm:tg tg=16, :utm:vk vk=1, direct3 яндекс.директ=357, site визиты с сайтов=30, :utm:telegram telegram=12, :utm:article article=1, :utm:inst inst=1, :utm:followish followish=2, :utm:youtube youtube=6, :utm:vkontakte vkontakte=2, :utm:mindbox mindbox=39, :utm:site site=21
2026-06-15 11:37:36  [+] site: {'referrals_day': 21}
2026-06-15 11:37:36  [=] Готово. Соцсетей собрано: 4. История: /home/runner/work/smm-dashboard/smm-dashboard/data/metrics_history.csv
2026-06-15 13:24:43  [+] vk: {'subscribers': 23188}
2026-06-15 13:24:43  [+] telegram: {'subscribers': 13142, 'views_day': 3563, 'content_total': 1793, 'engagement_rate_day': 2.23}
2026-06-15 13:24:43  [+] youtube: {'subscribers': 91500, 'views_total': 26331874, 'content_total': 769}
2026-06-15 13:24:45  [i] roistat каналы за 2026-06-14: прямые визиты=407, seo seo=844, :utm:tg tg=16, :utm:vk vk=1, direct3 яндекс.директ=357, site визиты с сайтов=30, :utm:telegram telegram=12, :utm:article article=1, :utm:inst inst=1, :utm:followish followish=2, :utm:youtube youtube=6, :utm:vkontakte vkontakte=2, :utm:mindbox mindbox=39, :utm:site site=21
2026-06-15 13:24:45  [+] site: {'referrals_day': 21}
2026-06-15 13:24:45  [=] Готово. Соцсетей собрано: 4. История: /home/runner/work/smm-dashboard/smm-dashboard/data/metrics_history.csv
2026-06-15 13:29:52  [+] vk: {'subscribers': 23188}
2026-06-15 13:29:53  [+] telegram: {'subscribers': 13142, 'views_day': 3563, 'content_total': 1793, 'engagement_rate_day': 2.23}
2026-06-15 13:29:53  [+] youtube: {'subscribers': 91500, 'views_total': 26331874, 'content_total': 769}
2026-06-15 13:29:55  [i] roistat каналы за 2026-06-14: прямые визиты=407, seo seo=844, :utm:tg tg=16, :utm:vk vk=1, direct3 яндекс.директ=357, site визиты с сайтов=30, :utm:telegram telegram=12, :utm:article article=1, :utm:inst inst=1, :utm:followish followish=2, :utm:youtube youtube=6, :utm:vkontakte vkontakte=2, :utm:mindbox mindbox=39, :utm:site site=21
2026-06-15 13:29:55  [+] site: {'referrals_day': 21}
2026-06-15 13:29:55  [=] Готово. Соцсетей собрано: 4. История: /home/runner/work/smm-dashboard/smm-dashboard/data/metrics_history.csv
